// Jest Snapshot v1, https://goo.gl/fbAQLP

exports[`Unit test for the Dialog component. Should match snapshot when Dialog has add and cancel button. 1`] = `
<div
  aria-describedby="headlessui-description-:r4:"
  aria-modal="true"
  class="fixed z-100"
  data-testid="dialog"
  id="headlessui-dialog-:r1:"
  role="dialog"
>
  <div
    class="fixed inset-0 bg-transit-black opacity-20"
  />
  <div
    class="fixed inset-0 flex items-center justify-center"
  >
    <div
      class="max-h-screen md:w-2/5 lg:w-2/6 p-2 transform bg-transit-white rounded-xl flex flex-col opacity-0 scale-95"
      id="headlessui-dialog-panel-:r3:"
    >
      <div
        class="overflow-auto px-4 flex flex-col gap-3"
        id="headlessui-description-:r4:"
      >
        <div>
          <div
            class="flex justify-start text-xl"
            data-testid="dialog-body"
          >
            Mock Dialog Body
          </div>
          <div
            class="flex justify-between gap-3 text-xl"
          >
            <button
              class="cancel-button"
              data-testid="cancel-button"
              tabindex="0"
              type="button"
            >
              <p>
                Cancel
              </p>
            </button>
            <button
              class="submit-button"
              data-testid="add-button"
              type="button"
            >
              <p
                class="text-center"
              >
                Add
              </p>
            </button>
          </div>
        </div>
      </div>
    </div>
  </div>
</div>
`;
