// Jest Snapshot v1, https://goo.gl/fbAQLP

exports[`Unit tests for the SignInPage component. Should match snapshot. 1`] = `
<div
  class="flex h-screen w-screen bg-transit-grey"
  data-testid="sign-in-page"
>
  <div
    class="sm:w-1/2 bg-hero-image bg-no-repeat bg-cover bg-center"
  />
  <div
    class="w-full sm:w-1/2"
  />
</div>
`;
