// Jest Snapshot v1, https://goo.gl/fbAQLP

exports[`Unit tests for the SignInPage component. Should match snapshot. 1`] = `
<div
  class="flex h-screen w-screen bg-transit-grey"
  data-testid="sign-in-page"
>
  <div
    class="sm:w-1/2 bg-hero-image bg-no-repeat bg-cover"
  />
  <div
    class="w-full sm:w-1/2"
  >
    <div
      class="flex flex-col h-screen"
    >
      <div
        class="flex justify-end w-full pr-10 pt-10"
      >
        <div
          class="flex items-center"
        >
          <div
            class=" css-b62m3t-container"
          >
            <span
              class="css-1f43avz-a11yText-A11yText"
              id="react-select-2-live-region"
            />
            <span
              aria-atomic="false"
              aria-live="polite"
              aria-relevant="additions text"
              class="css-1f43avz-a11yText-A11yText"
            />
            <div
              class=" css-r1tos7-control"
            >
              <div
                class=" css-lymwaz-ValueContainer"
              >
                <div
                  class=" css-1nxqk8y-singleValue"
                >
                  ENG
                </div>
                <div
                  class=" css-6j8wv5-Input"
                  data-value=""
                >
                  <input
                    aria-autocomplete="list"
                    aria-expanded="false"
                    aria-haspopup="true"
                    autocapitalize="none"
                    autocomplete="off"
                    autocorrect="off"
                    class=""
                    id="react-select-2-input"
                    role="combobox"
                    spellcheck="false"
                    style="opacity: 1; width: 100%; grid-area: 1 / 2; min-width: 2px; border: 0px; margin: 0px; outline: 0; padding: 0px;"
                    tabindex="0"
                    type="text"
                    value=""
                  />
                </div>
              </div>
              <div
                class=" css-1hb7zxy-IndicatorsContainer"
              >
                <div
                  aria-hidden="true"
                  class=" css-1d5gfi-indicatorContainer"
                >
                  <svg
                    fill="currentColor"
                    height="1em"
                    stroke="currentColor"
                    stroke-width="0"
                    viewBox="0 0 24 24"
                    width="1em"
                    xmlns="http://www.w3.org/2000/svg"
                  >
                    <g>
                      <path
                        d="M0 0h24v24H0z"
                        fill="none"
                      />
                      <path
                        d="M12 22C6.477 22 2 17.523 2 12S6.477 2 12 2s10 4.477 10 10-4.477 10-10 10zm-2.29-2.333A17.9 17.9 0 0 1 8.027 13H4.062a8.008 8.008 0 0 0 5.648 6.667zM10.03 13c.151 2.439.848 4.73 1.97 6.752A15.905 15.905 0 0 0 13.97 13h-3.94zm9.908 0h-3.965a17.9 17.9 0 0 1-1.683 6.667A8.008 8.008 0 0 0 19.938 13zM4.062 11h3.965A17.9 17.9 0 0 1 9.71 4.333 8.008 8.008 0 0 0 4.062 11zm5.969 0h3.938A15.905 15.905 0 0 0 12 4.248 15.905 15.905 0 0 0 10.03 11zm4.259-6.667A17.9 17.9 0 0 1 15.973 11h3.965a8.008 8.008 0 0 0-5.648-6.667z"
                      />
                    </g>
                  </svg>
                </div>
              </div>
            </div>
          </div>
        </div>
      </div>
      <div
        class="bg-transit-white m-auto w-full max-w-lg h-full max-h-96 rounded-lg py-8 px-4 gap-y-4"
      >
        <form>
          <div
            class="flex flex-col gap-6"
          >
            <div
              class="flex flex-col gap-2"
            >
              <p
                class="text-2xl"
              >
                Sign in
              </p>
              <p
                class="text-sm text-transit-black-light"
              >
                Sign up on the internal platform
              </p>
            </div>
            <div
              class="h-12"
            >
              <label
                for="floatingInput"
              >
                <input
                  class="border-transit-grey-300 text-sm border rounded text-black-light focus:outline-none focus:shadow-outline h-9 px-2 min-h-full w-full"
                  id="floatingInput"
                  name="username"
                  placeholder="Username"
                  type="text"
                  value=""
                />
              </label>
              <div
                class="pb-2"
              />
            </div>
            <div
              class="h-12"
            >
              <label
                for="floatingInput"
              >
                <input
                  class="border-transit-grey-300 text-sm border rounded text-black-light focus:outline-none focus:shadow-outline h-9 px-2 min-h-full w-full"
                  id="floatingInput"
                  name="password"
                  placeholder="Password"
                  type="password"
                  value=""
                />
              </label>
              <div
                class="pb-2"
              />
            </div>
            <div
              class="h-12"
            >
              <button
                class="submit-button"
                data-testid="add-button"
                type="button"
              >
                <p
                  class="text-center"
                >
                  Sign in
                </p>
              </button>
            </div>
            <div
              class="flex flex-row gap-px"
            >
              <p>
                Not registered?
              </p>
              <a
                class="text-transit-green-dark text-decoration-line: underline"
                href="/"
              >
                Create an account
              </a>
            </div>
          </div>
        </form>
      </div>
    </div>
  </div>
</div>
`;
