// Jest Snapshot v1, https://goo.gl/fbAQLP

exports[`Unit tests for the Forbidden component. Should match snapshot. 1`] = `
<div
  class="flex flex-col h-screen w-screen justify-center gap-3"
  data-testid="forbidden"
>
  <p
    class="text-3xl font-semibold mx-auto"
  >
    403 - Forbidden
  </p>
  <p
    class="font-semibold  mx-auto"
  >
    You don't have permission to access this page
  </p>
</div>
`;
